
<<<<<<< HEAD
=======
<<<<<<< HEAD
=======
>>>>>>> f71f43d (project 1)
 git lfs install
 git lfs track "*.exe"
 git lfs track "*.pdf"
 git add .gitattributes
 git commit -m "Track large files with Git LFS"
 git add "Feb_2025 c++/Postman-win64-Setup.exe"
 git add "Feb_2025 c++/VSCodeUserSetup-x64-1.98.0.exe"
 git add "1 NARAYAN practice/Cracking the Coding Interview.pdf"
$ git commit -m "Add large files managed by Git LFS"

CDAC@CDACLAB-148 MINGW64 ~/Documents/feb 2025 all (main)
$ git lfs install

Updated Git hooks.
Git LFS initialized.

CDAC@CDACLAB-148 MINGW64 ~/Documents/feb 2025 all (main)
$ git lfs track "*.exe"

"*.exe" already supported

CDAC@CDACLAB-148 MINGW64 ~/Documents/feb 2025 all (main)
$ git add .gitattributes

CDAC@CDACLAB-148 MINGW64 ~/Documents/feb 2025 all (main)
$ git commit -m "Track .exe files with LFS"

$ git lfs migrate import --include="*.exe"
$ git push origin main --force





<<<<<<< HEAD
=======
>>>>>>> 246ab33 (project 1)
>>>>>>> f71f43d (project 1)
C:\Users\CDAC\Documents\feb 2025 all\portfolio\bookStoreApp-master>git remote add origin https://github.com/narayanlaxmi-dev/N-bookStore.git
error: remote origin already exists.

C:\Users\CDAC\Documents\feb 2025 all\portfolio\bookStoreApp-master>git remote -v
origin  https://github.com/narayanlaxmi-dev/bookstore.git (fetch)
origin  https://github.com/narayanlaxmi-dev/bookstore.git (push)

<<<<<<< HEAD
>git remote set-url origin https://github.com/narayanlaxmi-dev/N-bookStore.git
=======
<<<<<<< HEAD
C:\Users\CDAC\Documents\feb 2025 all\portfolio\bookStoreApp-master>git remote set-url origin https://github.com/narayanlaxmi-dev/N-bookStore.git
>>>>>>> f71f43d (project 1)

>git remote remove origin

<<<<<<< HEAD
>git remote add origin https://github.com/narayanlaxmi-dev/N-bookStore.git
=======
=======
>git remote set-url origin https://github.com/narayanlaxmi-dev/N-bookStore.git

>git remote remove origin

>git remote add origin https://github.com/narayanlaxmi-dev/N-bookStore.git
>>>>>>> 246ab33 (project 1)
>>>>>>> f71f43d (project 1)

remove Control Panel\User Accounts\Credential Manager GitHub other login use
cmd open 

<<<<<<< HEAD

>git config --global user.name "narayanlaxmi-dev"
>git config --global user.email "lordshiryuga@gmail.com"
=======
<<<<<<< HEAD
git config user.name narayan
git config user.email narayanlaxmipatil@gmail.com
=======

>git config --global user.name "narayanlaxmi-dev"
>git config --global user.email "lordshiryuga@gmail.com"
>>>>>>> 246ab33 (project 1)
>>>>>>> f71f43d (project 1)

git init

git status

git add .

git status

git commit -m "initial data"

git branch -M main

only 1 time added 
git remote add origin https://github.com/NarayaN-HW/Web-Technologies.git

git push -u origin main

if error To https://github.com/NarayaN-HW/Web-Technologies.git
 ! [rejected]        main -> main (fetch first)
git branch -M main	
git pull --rebase --autostash origin main





---------------
echo "# Web-Technologies" >> README.md
git init
git add README.md
git commit -m "first commit"
git branch -M main
git remote add origin https://github.com/NarayaN-HW/Web-Technologies.git
git push -u origin main


git remote add origin https://github.com/NarayaN-HW/Web-Technologies.git
git branch -M main
git push -u origin main